// Jest Snapshot v1, https://goo.gl/fbAQLP

exports[`App tests Should render component 1`] = `
Object {
  "asFragment": [Function],
  "baseElement": <body>
    <div>
      <div
        class="App"
      >
        <div
          class="layout layout"
          data-testid="layout-container"
        >
          <div
            class="logo"
          >
            <svg>
              logo.svg
            </svg>
          </div>
          <div
            class="child"
            data-testid="layout-child-container"
          >
            <div
              class="container"
              data-testid="home-page"
            >
              <div
                class="inputsContainer"
              >
                <div
                  class="container"
                  data-testid="text-input-container"
                >
                  <label
                    class="label"
                  >
                    Owner
                    <span
                      style="color: red;"
                    >
                       *
                    </span>
                  </label>
                  <input
                    class="textInput"
                    data-testid="text-input"
                    id="Owner"
                    placeholder="Owner name"
                    type="text"
                  />
                </div>
                <div
                  class="container"
                  data-testid="text-input-container"
                >
                  <label
                    class="label"
                  >
                    Repository
                    <span
                      style="color: red;"
                    >
                       *
                    </span>
                  </label>
                  <input
                    class="textInput"
                    data-testid="text-input"
                    id="Repository"
                    placeholder="Repository name"
                    type="text"
                  />
                </div>
              </div>
              <div>
                <button
                  class="button"
                  data-testid="button-component"
                  type="button"
                >
                  Show issues
                </button>
              </div>
            </div>
          </div>
        </div>
      </div>
    </div>
  </body>,
  "container": <div>
    <div
      class="App"
    >
      <div
        class="layout layout"
        data-testid="layout-container"
      >
        <div
          class="logo"
        >
          <svg>
            logo.svg
          </svg>
        </div>
        <div
          class="child"
          data-testid="layout-child-container"
        >
          <div
            class="container"
            data-testid="home-page"
          >
            <div
              class="inputsContainer"
            >
              <div
                class="container"
                data-testid="text-input-container"
              >
                <label
                  class="label"
                >
                  Owner
                  <span
                    style="color: red;"
                  >
                     *
                  </span>
                </label>
                <input
                  class="textInput"
                  data-testid="text-input"
                  id="Owner"
                  placeholder="Owner name"
                  type="text"
                />
              </div>
              <div
                class="container"
                data-testid="text-input-container"
              >
                <label
                  class="label"
                >
                  Repository
                  <span
                    style="color: red;"
                  >
                     *
                  </span>
                </label>
                <input
                  class="textInput"
                  data-testid="text-input"
                  id="Repository"
                  placeholder="Repository name"
                  type="text"
                />
              </div>
            </div>
            <div>
              <button
                class="button"
                data-testid="button-component"
                type="button"
              >
                Show issues
              </button>
            </div>
          </div>
        </div>
      </div>
    </div>
  </div>,
  "debug": [Function],
  "findAllByAltText": [Function],
  "findAllByDisplayValue": [Function],
  "findAllByLabelText": [Function],
  "findAllByPlaceholderText": [Function],
  "findAllByRole": [Function],
  "findAllByTestId": [Function],
  "findAllByText": [Function],
  "findAllByTitle": [Function],
  "findByAltText": [Function],
  "findByDisplayValue": [Function],
  "findByLabelText": [Function],
  "findByPlaceholderText": [Function],
  "findByRole": [Function],
  "findByTestId": [Function],
  "findByText": [Function],
  "findByTitle": [Function],
  "getAllByAltText": [Function],
  "getAllByDisplayValue": [Function],
  "getAllByLabelText": [Function],
  "getAllByPlaceholderText": [Function],
  "getAllByRole": [Function],
  "getAllByTestId": [Function],
  "getAllByText": [Function],
  "getAllByTitle": [Function],
  "getByAltText": [Function],
  "getByDisplayValue": [Function],
  "getByLabelText": [Function],
  "getByPlaceholderText": [Function],
  "getByRole": [Function],
  "getByTestId": [Function],
  "getByText": [Function],
  "getByTitle": [Function],
  "queryAllByAltText": [Function],
  "queryAllByDisplayValue": [Function],
  "queryAllByLabelText": [Function],
  "queryAllByPlaceholderText": [Function],
  "queryAllByRole": [Function],
  "queryAllByTestId": [Function],
  "queryAllByText": [Function],
  "queryAllByTitle": [Function],
  "queryByAltText": [Function],
  "queryByDisplayValue": [Function],
  "queryByLabelText": [Function],
  "queryByPlaceholderText": [Function],
  "queryByRole": [Function],
  "queryByTestId": [Function],
  "queryByText": [Function],
  "queryByTitle": [Function],
  "rerender": [Function],
  "unmount": [Function],
}
`;
